// Jest Snapshot v1, https://goo.gl/fbAQLP

exports[`Portal component should render Portal component 1`] = `
<div>
  webDev
</div>
`;

exports[`Portal should render Portal 1`] = `undefined`;
